[debug] [2026-08-01T18:45:13.082Z] ----------------------------------------------------------------------
[debug] [2026-08-01T18:45:13.085Z] Command:       /usr/local/bin/node /Users/user/.npm/_npx/ba4f1959e38407b5/node_modules/.bin/firebase apps:list --project smart-sante-app
[debug] [2026-08-01T18:45:13.085Z] CLI Version:   15.25.1
[debug] [2026-08-01T18:45:13.085Z] Platform:      darwin
[debug] [2026-08-01T18:45:13.085Z] Node Version:  v22.12.0
[debug] [2026-08-01T18:45:13.086Z] Detected Agent: cursor
[debug] [2026-08-01T18:45:13.086Z] Time:          Sat Aug 01 2026 19:45:13 GMT+0100 (Central European Standard Time)
[debug] [2026-08-01T18:45:13.086Z] ----------------------------------------------------------------------
[debug] 
[debug] [2026-08-01T18:45:13.093Z] >>> [apiv2][query] GET https://firebase-public.firebaseio.com/cli.json [none]
[debug] [2026-08-01T18:45:13.131Z] > command requires scopes: ["email","openid","https://www.googleapis.com/auth/cloudplatformprojects.readonly","https://www.googleapis.com/auth/firebase","https://www.googleapis.com/auth/cloud-platform"]
[debug] [2026-08-01T18:45:13.132Z] > authorizing via signed-in user (houdakrouma@gmail.com)
[debug] [2026-08-01T18:45:13.133Z] Checked if tokens are valid: false, expires at: 1783173052377
[debug] [2026-08-01T18:45:13.133Z] Checked if tokens are valid: false, expires at: 1783173052377
[debug] [2026-08-01T18:45:13.133Z] > refreshing access token with scopes: []
[debug] [2026-08-01T18:45:13.134Z] >>> [apiv2][query] POST https://www.googleapis.com/oauth2/v3/token [none]
[debug] [2026-08-01T18:45:13.134Z] >>> [apiv2][body] POST https://www.googleapis.com/oauth2/v3/token [omitted]
[debug] [2026-08-01T18:45:13.322Z] <<< [apiv2][status] POST https://www.googleapis.com/oauth2/v3/token 200
[debug] [2026-08-01T18:45:13.322Z] <<< [apiv2][body] POST https://www.googleapis.com/oauth2/v3/token [omitted]
[debug] [2026-08-01T18:45:13.339Z] >>> [apiv2][query] GET https://firebase.googleapis.com/v1beta1/projects/smart-sante-app:searchApps pageSize=100
[debug] [2026-08-01T18:45:13.723Z] <<< [apiv2][status] GET https://firebase-public.firebaseio.com/cli.json 200
[debug] [2026-08-01T18:45:13.723Z] <<< [apiv2][body] GET https://firebase-public.firebaseio.com/cli.json {"cloudBuildErrorAfter":1594252800000,"cloudBuildWarnAfter":1590019200000,"defaultNode10After":1594252800000,"minVersion":"3.0.5","node8DeploysDisabledAfter":1613390400000,"node8RuntimeDisabledAfter":1615809600000,"node8WarnAfter":1600128000000}
[debug] [2026-08-01T18:45:14.729Z] <<< [apiv2][status] GET https://firebase.googleapis.com/v1beta1/projects/smart-sante-app:searchApps 403
[debug] [2026-08-01T18:45:14.729Z] <<< [apiv2][body] GET https://firebase.googleapis.com/v1beta1/projects/smart-sante-app:searchApps {"error":{"code":403,"message":"The caller does not have permission","status":"PERMISSION_DENIED"}}
[debug] [2026-08-01T18:45:14.730Z] Request to https://firebase.googleapis.com/v1beta1/projects/smart-sante-app:searchApps?pageSize=100 had HTTP Error: 403, The caller does not have permission
[debug] [2026-08-01T18:45:14.732Z] FirebaseError: Request to https://firebase.googleapis.com/v1beta1/projects/smart-sante-app:searchApps?pageSize=100 had HTTP Error: 403, The caller does not have permission
    at responseToError (/Users/user/.npm/_npx/ba4f1959e38407b5/node_modules/firebase-tools/lib/responseToError.js:53:12)
    at RetryOperation._fn (/Users/user/.npm/_npx/ba4f1959e38407b5/node_modules/firebase-tools/lib/apiv2.js:415:77)
    at process.processTicksAndRejections (node:internal/process/task_queues:105:5)
[error] 
[error] Error: Failed to list Firebase apps. See firebase-debug.log for more info.
